[
	1 => [
		'id' => 1,
		'name' => 'Vánoční koncert',
		'price' => 250,
		'hidden' => 1,
		'locked' => 0,
		'limit' => 5,
	],
	[
		'id' => 2,
		'name' => 'Velikonoční koncert',
		'price' => 100,
		'hidden' => 0,
		'locked' => 1,
		'limit' => 5,
	],
]
