[
	'id' => 20,
	'x' => 2,
	'y' => 10,
	'row' => 2,
	'col' => 10,
	'schema_id' => 1,
	'price' => 250,
	'state' => 1,
]
