[
	'x' => 100,
	'y' => 300,
	'row' => 40,
	'col' => 30,
	'schema_id' => 1,
	'price' => 250,
	'id' => 301,
]
