[
	'x' => 1304,
	'y' => 223,
	'row' => 70594,
	'col' => 34436,
	'schema_id' => 2,
	'id' => 20,
	'price' => 1234,
]
