[
	'id' => 4,
	'name' => 'New',
	'surname' => 'User',
	'email' => 'new@user.com',
	'password' => 'yyy',
	'token' => '',
	'ip_address' => '7.7.7.7',
]
